// Jest Snapshot v1, https://goo.gl/fbAQLP

exports[`Component snapshot testing renders without data 1`] = `
<View
  style={
    Array [
      Object {
        "flex": 1,
        "height": 60,
      },
      Object {},
    ]
  }
>
  <View
    style={
      Array [
        Object {
          "alignItems": "center",
          "backgroundColor": "#FFFFFF",
          "height": 40,
          "justifyContent": "center",
          "width": 40,
        },
        Object {
          "marginTop": 5,
        },
      ]
    }
  />
  <View
    style={
      Array [
        Object {
          "alignItems": "center",
          "backgroundColor": "#ff7961",
          "borderRadius": 7,
          "height": 14,
          "justifyContent": "center",
          "position": "absolute",
          "right": 2,
          "top": 2,
          "width": 14,
        },
        Object {
          "marginTop": 5,
        },
      ]
    }
  />
</View>
`;
